Archive member included because of file (symbol)

c:/program files (x86)/atmel/atmel toolchain/avr8 gcc/native/3.4.2.1002/avr8-gnu-toolchain/bin/../lib/gcc/avr/4.7.2/avr5\libgcc.a(_udivmodsi4.o)
                              i2cmaster/i2cmaster.o (__udivmodsi4)
c:/program files (x86)/atmel/atmel toolchain/avr8 gcc/native/3.4.2.1002/avr8-gnu-toolchain/bin/../lib/gcc/avr/4.7.2/avr5\libgcc.a(_exit.o)
                              c:/program files (x86)/atmel/atmel toolchain/avr8 gcc/native/3.4.2.1002/avr8-gnu-toolchain/bin/../lib/gcc/avr/4.7.2/../../../../avr/lib/avr5/crtm328p.o (exit)
c:/program files (x86)/atmel/atmel toolchain/avr8 gcc/native/3.4.2.1002/avr8-gnu-toolchain/bin/../lib/gcc/avr/4.7.2/avr5\libgcc.a(_copy_data.o)
                              adxl354/adxl354.o (__do_copy_data)

Discarded input sections

 .bss           0x00000000        0x0 c:/program files (x86)/atmel/atmel toolchain/avr8 gcc/native/3.4.2.1002/avr8-gnu-toolchain/bin/../lib/gcc/avr/4.7.2/../../../../avr/lib/avr5/crtm328p.o
 .text          0x00000000        0x0 adxl354/adxl354.o
 .bss           0x00000000        0x0 adxl354/adxl354.o
 .text.adxl354SetupInt
                0x00000000       0x3e adxl354/adxl354.o
 .text          0x00000000        0x0 i2cmaster/i2cmaster.o
 .bss           0x00000000        0x0 i2cmaster/i2cmaster.o
 .text.i2cStartWait
                0x00000000       0x50 i2cmaster/i2cmaster.o
 .text          0x00000000        0x0 main.o
 .bss           0x00000000        0x0 main.o
 .text          0x00000000        0x0 motorControll/motorControll.o
 .bss           0x00000000        0x0 motorControll/motorControll.o
 .text.mCSetSpeedLeft
                0x00000000        0xe motorControll/motorControll.o
 .text.mCSetSpeedRight
                0x00000000        0xe motorControll/motorControll.o
 .text.mCRightFW
                0x00000000        0x6 motorControll/motorControll.o
 .text.mCRightBW
                0x00000000        0x6 motorControll/motorControll.o
 .text.mCLeftFW
                0x00000000        0x6 motorControll/motorControll.o
 .text.mCLeftBW
                0x00000000        0x6 motorControll/motorControll.o
 .text          0x00000000        0x0 roboWay/roboWay.o
 .bss           0x00000000        0x0 roboWay/roboWay.o
 .text          0x00000000        0x0 usart/usart.o
 .bss           0x00000000        0x0 usart/usart.o
 .text          0x00000000        0x0 c:/program files (x86)/atmel/atmel toolchain/avr8 gcc/native/3.4.2.1002/avr8-gnu-toolchain/bin/../lib/gcc/avr/4.7.2/avr5\libgcc.a(_udivmodsi4.o)
 .bss           0x00000000        0x0 c:/program files (x86)/atmel/atmel toolchain/avr8 gcc/native/3.4.2.1002/avr8-gnu-toolchain/bin/../lib/gcc/avr/4.7.2/avr5\libgcc.a(_udivmodsi4.o)
 .text.libgcc.mul
                0x00000000        0x0 c:/program files (x86)/atmel/atmel toolchain/avr8 gcc/native/3.4.2.1002/avr8-gnu-toolchain/bin/../lib/gcc/avr/4.7.2/avr5\libgcc.a(_udivmodsi4.o)
 .text.libgcc   0x00000000        0x0 c:/program files (x86)/atmel/atmel toolchain/avr8 gcc/native/3.4.2.1002/avr8-gnu-toolchain/bin/../lib/gcc/avr/4.7.2/avr5\libgcc.a(_udivmodsi4.o)
 .text.libgcc.prologue
                0x00000000        0x0 c:/program files (x86)/atmel/atmel toolchain/avr8 gcc/native/3.4.2.1002/avr8-gnu-toolchain/bin/../lib/gcc/avr/4.7.2/avr5\libgcc.a(_udivmodsi4.o)
 .text.libgcc.builtins
                0x00000000        0x0 c:/program files (x86)/atmel/atmel toolchain/avr8 gcc/native/3.4.2.1002/avr8-gnu-toolchain/bin/../lib/gcc/avr/4.7.2/avr5\libgcc.a(_udivmodsi4.o)
 .text.libgcc.fmul
                0x00000000        0x0 c:/program files (x86)/atmel/atmel toolchain/avr8 gcc/native/3.4.2.1002/avr8-gnu-toolchain/bin/../lib/gcc/avr/4.7.2/avr5\libgcc.a(_udivmodsi4.o)
 .text          0x00000000        0x0 c:/program files (x86)/atmel/atmel toolchain/avr8 gcc/native/3.4.2.1002/avr8-gnu-toolchain/bin/../lib/gcc/avr/4.7.2/avr5\libgcc.a(_exit.o)
 .bss           0x00000000        0x0 c:/program files (x86)/atmel/atmel toolchain/avr8 gcc/native/3.4.2.1002/avr8-gnu-toolchain/bin/../lib/gcc/avr/4.7.2/avr5\libgcc.a(_exit.o)
 .text.libgcc.mul
                0x00000000        0x0 c:/program files (x86)/atmel/atmel toolchain/avr8 gcc/native/3.4.2.1002/avr8-gnu-toolchain/bin/../lib/gcc/avr/4.7.2/avr5\libgcc.a(_exit.o)
 .text.libgcc.div
                0x00000000        0x0 c:/program files (x86)/atmel/atmel toolchain/avr8 gcc/native/3.4.2.1002/avr8-gnu-toolchain/bin/../lib/gcc/avr/4.7.2/avr5\libgcc.a(_exit.o)
 .text.libgcc   0x00000000        0x0 c:/program files (x86)/atmel/atmel toolchain/avr8 gcc/native/3.4.2.1002/avr8-gnu-toolchain/bin/../lib/gcc/avr/4.7.2/avr5\libgcc.a(_exit.o)
 .text.libgcc.prologue
                0x00000000        0x0 c:/program files (x86)/atmel/atmel toolchain/avr8 gcc/native/3.4.2.1002/avr8-gnu-toolchain/bin/../lib/gcc/avr/4.7.2/avr5\libgcc.a(_exit.o)
 .text.libgcc.builtins
                0x00000000        0x0 c:/program files (x86)/atmel/atmel toolchain/avr8 gcc/native/3.4.2.1002/avr8-gnu-toolchain/bin/../lib/gcc/avr/4.7.2/avr5\libgcc.a(_exit.o)
 .text.libgcc.fmul
                0x00000000        0x0 c:/program files (x86)/atmel/atmel toolchain/avr8 gcc/native/3.4.2.1002/avr8-gnu-toolchain/bin/../lib/gcc/avr/4.7.2/avr5\libgcc.a(_exit.o)
 .text          0x00000000        0x0 c:/program files (x86)/atmel/atmel toolchain/avr8 gcc/native/3.4.2.1002/avr8-gnu-toolchain/bin/../lib/gcc/avr/4.7.2/avr5\libgcc.a(_copy_data.o)
 .bss           0x00000000        0x0 c:/program files (x86)/atmel/atmel toolchain/avr8 gcc/native/3.4.2.1002/avr8-gnu-toolchain/bin/../lib/gcc/avr/4.7.2/avr5\libgcc.a(_copy_data.o)
 .text.libgcc.mul
                0x00000000        0x0 c:/program files (x86)/atmel/atmel toolchain/avr8 gcc/native/3.4.2.1002/avr8-gnu-toolchain/bin/../lib/gcc/avr/4.7.2/avr5\libgcc.a(_copy_data.o)
 .text.libgcc.div
                0x00000000        0x0 c:/program files (x86)/atmel/atmel toolchain/avr8 gcc/native/3.4.2.1002/avr8-gnu-toolchain/bin/../lib/gcc/avr/4.7.2/avr5\libgcc.a(_copy_data.o)
 .text.libgcc   0x00000000        0x0 c:/program files (x86)/atmel/atmel toolchain/avr8 gcc/native/3.4.2.1002/avr8-gnu-toolchain/bin/../lib/gcc/avr/4.7.2/avr5\libgcc.a(_copy_data.o)
 .text.libgcc.prologue
                0x00000000        0x0 c:/program files (x86)/atmel/atmel toolchain/avr8 gcc/native/3.4.2.1002/avr8-gnu-toolchain/bin/../lib/gcc/avr/4.7.2/avr5\libgcc.a(_copy_data.o)
 .text.libgcc.builtins
                0x00000000        0x0 c:/program files (x86)/atmel/atmel toolchain/avr8 gcc/native/3.4.2.1002/avr8-gnu-toolchain/bin/../lib/gcc/avr/4.7.2/avr5\libgcc.a(_copy_data.o)
 .text.libgcc.fmul
                0x00000000        0x0 c:/program files (x86)/atmel/atmel toolchain/avr8 gcc/native/3.4.2.1002/avr8-gnu-toolchain/bin/../lib/gcc/avr/4.7.2/avr5\libgcc.a(_copy_data.o)

Memory Configuration

Name             Origin             Length             Attributes
text             0x00000000         0x00020000         xr
data             0x00800060         0x0000ffa0         rw !x
eeprom           0x00810000         0x00010000         rw !x
fuse             0x00820000         0x00000400         rw !x
lock             0x00830000         0x00000400         rw !x
signature        0x00840000         0x00000400         rw !x
user_signatures  0x00850000         0x00000400         rw !x
*default*        0x00000000         0xffffffff

Linker script and memory map

Address of section .data set to 0x800100
LOAD c:/program files (x86)/atmel/atmel toolchain/avr8 gcc/native/3.4.2.1002/avr8-gnu-toolchain/bin/../lib/gcc/avr/4.7.2/../../../../avr/lib/avr5/crtm328p.o
LOAD adxl354/adxl354.o
LOAD i2cmaster/i2cmaster.o
LOAD main.o
LOAD motorControll/motorControll.o
LOAD roboWay/roboWay.o
LOAD usart/usart.o
START GROUP
LOAD c:/program files (x86)/atmel/atmel toolchain/avr8 gcc/native/3.4.2.1002/avr8-gnu-toolchain/bin/../lib/gcc/avr/4.7.2/../../../../avr/lib/avr5\libm.a
END GROUP
LOAD c:/program files (x86)/atmel/atmel toolchain/avr8 gcc/native/3.4.2.1002/avr8-gnu-toolchain/bin/../lib/gcc/avr/4.7.2/avr5\libgcc.a
LOAD c:/program files (x86)/atmel/atmel toolchain/avr8 gcc/native/3.4.2.1002/avr8-gnu-toolchain/bin/../lib/gcc/avr/4.7.2/../../../../avr/lib/avr5\libc.a
LOAD c:/program files (x86)/atmel/atmel toolchain/avr8 gcc/native/3.4.2.1002/avr8-gnu-toolchain/bin/../lib/gcc/avr/4.7.2/avr5\libgcc.a

.hash
 *(.hash)

.dynsym
 *(.dynsym)

.dynstr
 *(.dynstr)

.gnu.version
 *(.gnu.version)

.gnu.version_d
 *(.gnu.version_d)

.gnu.version_r
 *(.gnu.version_r)

.rel.init
 *(.rel.init)

.rela.init
 *(.rela.init)

.rel.text
 *(.rel.text)
 *(.rel.text.*)
 *(.rel.gnu.linkonce.t*)

.rela.text
 *(.rela.text)
 *(.rela.text.*)
 *(.rela.gnu.linkonce.t*)

.rel.fini
 *(.rel.fini)

.rela.fini
 *(.rela.fini)

.rel.rodata
 *(.rel.rodata)
 *(.rel.rodata.*)
 *(.rel.gnu.linkonce.r*)

.rela.rodata
 *(.rela.rodata)
 *(.rela.rodata.*)
 *(.rela.gnu.linkonce.r*)

.rel.data
 *(.rel.data)
 *(.rel.data.*)
 *(.rel.gnu.linkonce.d*)

.rela.data
 *(.rela.data)
 *(.rela.data.*)
 *(.rela.gnu.linkonce.d*)

.rel.ctors
 *(.rel.ctors)

.rela.ctors
 *(.rela.ctors)

.rel.dtors
 *(.rel.dtors)

.rela.dtors
 *(.rela.dtors)

.rel.got
 *(.rel.got)

.rela.got
 *(.rela.got)

.rel.bss
 *(.rel.bss)

.rela.bss
 *(.rela.bss)

.rel.plt
 *(.rel.plt)

.rela.plt
 *(.rela.plt)

.text           0x00000000      0x45e
 *(.vectors)
 .vectors       0x00000000       0x68 c:/program files (x86)/atmel/atmel toolchain/avr8 gcc/native/3.4.2.1002/avr8-gnu-toolchain/bin/../lib/gcc/avr/4.7.2/../../../../avr/lib/avr5/crtm328p.o
                0x00000000                __vector_default
                0x00000000                __vectors
 *(.vectors)
 *(.progmem.gcc*)
 *(.progmem*)
                0x00000068                . = ALIGN (0x2)
                0x00000068                __trampolines_start = .
 *(.trampolines)
 .trampolines   0x00000068        0x0 linker stubs
 *(.trampolines*)
                0x00000068                __trampolines_end = .
 *(.jumptables)
 *(.jumptables*)
 *(.lowtext)
 *(.lowtext*)
                0x00000068                __ctors_start = .
 *(.ctors)
                0x00000068                __ctors_end = .
                0x00000068                __dtors_start = .
 *(.dtors)
                0x00000068                __dtors_end = .
 SORT(*)(.ctors)
 SORT(*)(.dtors)
 *(.init0)
 .init0         0x00000068        0x0 c:/program files (x86)/atmel/atmel toolchain/avr8 gcc/native/3.4.2.1002/avr8-gnu-toolchain/bin/../lib/gcc/avr/4.7.2/../../../../avr/lib/avr5/crtm328p.o
                0x00000068                __init
 *(.init0)
 *(.init1)
 *(.init1)
 *(.init2)
 .init2         0x00000068        0xc c:/program files (x86)/atmel/atmel toolchain/avr8 gcc/native/3.4.2.1002/avr8-gnu-toolchain/bin/../lib/gcc/avr/4.7.2/../../../../avr/lib/avr5/crtm328p.o
 *(.init2)
 *(.init3)
 *(.init3)
 *(.init4)
 .init4         0x00000074       0x16 c:/program files (x86)/atmel/atmel toolchain/avr8 gcc/native/3.4.2.1002/avr8-gnu-toolchain/bin/../lib/gcc/avr/4.7.2/avr5\libgcc.a(_copy_data.o)
                0x00000074                __do_copy_data
 *(.init4)
 *(.init5)
 *(.init5)
 *(.init6)
 *(.init6)
 *(.init7)
 *(.init7)
 *(.init8)
 *(.init8)
 *(.init9)
 .init9         0x0000008a        0x8 c:/program files (x86)/atmel/atmel toolchain/avr8 gcc/native/3.4.2.1002/avr8-gnu-toolchain/bin/../lib/gcc/avr/4.7.2/../../../../avr/lib/avr5/crtm328p.o
 *(.init9)
 *(.text)
 .text          0x00000092        0x4 c:/program files (x86)/atmel/atmel toolchain/avr8 gcc/native/3.4.2.1002/avr8-gnu-toolchain/bin/../lib/gcc/avr/4.7.2/../../../../avr/lib/avr5/crtm328p.o
                0x00000092                __vector_22
                0x00000092                __vector_1
                0x00000092                __vector_24
                0x00000092                __vector_12
                0x00000092                __bad_interrupt
                0x00000092                __vector_6
                0x00000092                __vector_3
                0x00000092                __vector_23
                0x00000092                __vector_25
                0x00000092                __vector_11
                0x00000092                __vector_13
                0x00000092                __vector_17
                0x00000092                __vector_19
                0x00000092                __vector_7
                0x00000092                __vector_5
                0x00000092                __vector_4
                0x00000092                __vector_9
                0x00000092                __vector_2
                0x00000092                __vector_21
                0x00000092                __vector_15
                0x00000092                __vector_8
                0x00000092                __vector_14
                0x00000092                __vector_10
                0x00000092                __vector_16
                0x00000092                __vector_18
                0x00000092                __vector_20
                0x00000096                . = ALIGN (0x2)
 *(.text.*)
 .text.adxl354Init
                0x00000096       0x36 adxl354/adxl354.o
                0x00000096                adxl354Init
 .text.adxl354GetAccel
                0x000000cc       0x86 adxl354/adxl354.o
                0x000000cc                adxl354GetAccel
 .text.i2cInit  0x00000152       0x2c i2cmaster/i2cmaster.o
                0x00000152                i2cInit
 .text.i2cStop  0x0000017e       0x12 i2cmaster/i2cmaster.o
                0x0000017e                i2cStop
 .text.i2cStart
                0x00000190       0x58 i2cmaster/i2cmaster.o
                0x00000190                i2cStart
 .text.i2cWrite
                0x000001e8       0x2a i2cmaster/i2cmaster.o
                0x000001e8                i2cWrite
 .text.i2cReadAck
                0x00000212       0x16 i2cmaster/i2cmaster.o
                0x00000212                i2cReadAck
 .text.i2cReadNak
                0x00000228       0x16 i2cmaster/i2cmaster.o
                0x00000228                i2cReadNak
 .text.main     0x0000023e        0xa main.o
                0x0000023e                main
 .text.mCInit   0x00000248       0x16 motorControll/motorControll.o
                0x00000248                mCInit
 .text.roboWayInit
                0x0000025e       0x48 roboWay/roboWay.o
                0x0000025e                roboWayInit
 .text.roboWayLoop
                0x000002a6       0x70 roboWay/roboWay.o
                0x000002a6                roboWayLoop
 .text.setUsartBaudRate
                0x00000316       0xc0 usart/usart.o
                0x00000316                setUsartBaudRate
 .text.setupUsart0
                0x000003d6       0x12 usart/usart.o
                0x000003d6                setupUsart0
 .text.usart0Transmit
                0x000003e8       0x10 usart/usart.o
                0x000003e8                usart0Transmit
 .text.usart0PrintStr
                0x000003f8       0x1e usart/usart.o
                0x000003f8                usart0PrintStr
 .text.libgcc.div
                0x00000416       0x44 c:/program files (x86)/atmel/atmel toolchain/avr8 gcc/native/3.4.2.1002/avr8-gnu-toolchain/bin/../lib/gcc/avr/4.7.2/avr5\libgcc.a(_udivmodsi4.o)
                0x00000416                __udivmodsi4
                0x0000045a                . = ALIGN (0x2)
 *(.fini9)
 .fini9         0x0000045a        0x0 c:/program files (x86)/atmel/atmel toolchain/avr8 gcc/native/3.4.2.1002/avr8-gnu-toolchain/bin/../lib/gcc/avr/4.7.2/avr5\libgcc.a(_exit.o)
                0x0000045a                _exit
                0x0000045a                exit
 *(.fini9)
 *(.fini8)
 *(.fini8)
 *(.fini7)
 *(.fini7)
 *(.fini6)
 *(.fini6)
 *(.fini5)
 *(.fini5)
 *(.fini4)
 *(.fini4)
 *(.fini3)
 *(.fini3)
 *(.fini2)
 *(.fini2)
 *(.fini1)
 *(.fini1)
 *(.fini0)
 .fini0         0x0000045a        0x4 c:/program files (x86)/atmel/atmel toolchain/avr8 gcc/native/3.4.2.1002/avr8-gnu-toolchain/bin/../lib/gcc/avr/4.7.2/avr5\libgcc.a(_exit.o)
 *(.fini0)
                0x0000045e                _etext = .

.data           0x00800100       0x92 load address 0x0000045e
                0x00800100                PROVIDE (__data_start, .)
 *(.data)
 .data          0x00800100        0x0 c:/program files (x86)/atmel/atmel toolchain/avr8 gcc/native/3.4.2.1002/avr8-gnu-toolchain/bin/../lib/gcc/avr/4.7.2/../../../../avr/lib/avr5/crtm328p.o
 .data          0x00800100        0x0 adxl354/adxl354.o
 .data          0x00800100        0x0 i2cmaster/i2cmaster.o
 .data          0x00800100        0x0 main.o
 .data          0x00800100        0x0 motorControll/motorControll.o
 .data          0x00800100        0x0 roboWay/roboWay.o
 .data          0x00800100        0x0 usart/usart.o
 .data          0x00800100        0x0 c:/program files (x86)/atmel/atmel toolchain/avr8 gcc/native/3.4.2.1002/avr8-gnu-toolchain/bin/../lib/gcc/avr/4.7.2/avr5\libgcc.a(_udivmodsi4.o)
 .data          0x00800100        0x0 c:/program files (x86)/atmel/atmel toolchain/avr8 gcc/native/3.4.2.1002/avr8-gnu-toolchain/bin/../lib/gcc/avr/4.7.2/avr5\libgcc.a(_exit.o)
 .data          0x00800100        0x0 c:/program files (x86)/atmel/atmel toolchain/avr8 gcc/native/3.4.2.1002/avr8-gnu-toolchain/bin/../lib/gcc/avr/4.7.2/avr5\libgcc.a(_copy_data.o)
 *(.data*)
 *(.rodata)
 *(.rodata*)
 .rodata.str1.1
                0x00800100       0x27 adxl354/adxl354.o
 .rodata.str1.1
                0x00800127       0x6b roboWay/roboWay.o
 *(.gnu.linkonce.d*)
                0x00800192                . = ALIGN (0x2)
                0x00800192                _edata = .
                0x00800192                PROVIDE (__data_end, .)

.bss            0x00800192        0x0
                0x00800192                PROVIDE (__bss_start, .)
 *(.bss)
 *(.bss*)
 *(COMMON)
                0x00800192                PROVIDE (__bss_end, .)
                0x0000045e                __data_load_start = LOADADDR (.data)
                0x000004f0                __data_load_end = (__data_load_start + SIZEOF (.data))

.noinit         0x00800192        0x0
                0x00800192                PROVIDE (__noinit_start, .)
 *(.noinit*)
                0x00800192                PROVIDE (__noinit_end, .)
                0x00800192                _end = .
                0x00800192                PROVIDE (__heap_start, .)

.eeprom         0x00810000        0x0
 *(.eeprom*)
                0x00810000                __eeprom_end = .

.fuse
 *(.fuse)
 *(.lfuse)
 *(.hfuse)
 *(.efuse)

.lock
 *(.lock*)

.signature
 *(.signature*)

.user_signatures
 *(.user_signatures*)

.stab           0x00000000      0x6cc
 *(.stab)
 .stab          0x00000000      0x6cc c:/program files (x86)/atmel/atmel toolchain/avr8 gcc/native/3.4.2.1002/avr8-gnu-toolchain/bin/../lib/gcc/avr/4.7.2/../../../../avr/lib/avr5/crtm328p.o

.stabstr        0x00000000       0x97
 *(.stabstr)
 .stabstr       0x00000000       0x97 c:/program files (x86)/atmel/atmel toolchain/avr8 gcc/native/3.4.2.1002/avr8-gnu-toolchain/bin/../lib/gcc/avr/4.7.2/../../../../avr/lib/avr5/crtm328p.o

.stab.excl
 *(.stab.excl)

.stab.exclstr
 *(.stab.exclstr)

.stab.index
 *(.stab.index)

.stab.indexstr
 *(.stab.indexstr)

.comment        0x00000000       0x2f
 *(.comment)
 .comment       0x00000000       0x2f adxl354/adxl354.o
                                 0x30 (size before relaxing)
 .comment       0x00000000       0x30 i2cmaster/i2cmaster.o
 .comment       0x00000000       0x30 main.o
 .comment       0x00000000       0x30 motorControll/motorControll.o
 .comment       0x00000000       0x30 roboWay/roboWay.o
 .comment       0x00000000       0x30 usart/usart.o

.debug
 *(.debug)

.line
 *(.line)

.debug_srcinfo
 *(.debug_srcinfo)

.debug_sfnames
 *(.debug_sfnames)

.debug_aranges  0x00000000      0x150
 *(.debug_aranges)
 .debug_aranges
                0x00000000       0x30 adxl354/adxl354.o
 .debug_aranges
                0x00000030       0x50 i2cmaster/i2cmaster.o
 .debug_aranges
                0x00000080       0x20 main.o
 .debug_aranges
                0x000000a0       0x50 motorControll/motorControll.o
 .debug_aranges
                0x000000f0       0x28 roboWay/roboWay.o
 .debug_aranges
                0x00000118       0x38 usart/usart.o

.debug_pubnames
 *(.debug_pubnames)

.debug_info     0x00000000      0xb87
 *(.debug_info)
 .debug_info    0x00000000      0x31d adxl354/adxl354.o
 .debug_info    0x0000031d      0x1ad i2cmaster/i2cmaster.o
 .debug_info    0x000004ca       0xa7 main.o
 .debug_info    0x00000571      0x12f motorControll/motorControll.o
 .debug_info    0x000006a0      0x397 roboWay/roboWay.o
 .debug_info    0x00000a37      0x150 usart/usart.o
 *(.gnu.linkonce.wi.*)

.debug_abbrev   0x00000000      0x504
 *(.debug_abbrev)
 .debug_abbrev  0x00000000       0xf3 adxl354/adxl354.o
 .debug_abbrev  0x000000f3       0xf3 i2cmaster/i2cmaster.o
 .debug_abbrev  0x000001e6       0x64 main.o
 .debug_abbrev  0x0000024a       0x7a motorControll/motorControll.o
 .debug_abbrev  0x000002c4      0x17b roboWay/roboWay.o
 .debug_abbrev  0x0000043f       0xc5 usart/usart.o

.debug_line     0x00000000      0x846
 *(.debug_line)
 .debug_line    0x00000000      0x165 adxl354/adxl354.o
 .debug_line    0x00000165      0x1c8 i2cmaster/i2cmaster.o
 .debug_line    0x0000032d       0x56 main.o
 .debug_line    0x00000383      0x155 motorControll/motorControll.o
 .debug_line    0x000004d8      0x252 roboWay/roboWay.o
 .debug_line    0x0000072a      0x11c usart/usart.o

.debug_frame    0x00000000      0x270
 *(.debug_frame)
 .debug_frame   0x00000000       0x80 adxl354/adxl354.o
 .debug_frame   0x00000080       0x90 i2cmaster/i2cmaster.o
 .debug_frame   0x00000110       0x24 main.o
 .debug_frame   0x00000134       0x84 motorControll/motorControll.o
 .debug_frame   0x000001b8       0x44 roboWay/roboWay.o
 .debug_frame   0x000001fc       0x74 usart/usart.o

.debug_str      0x00000000      0x2bb
 *(.debug_str)
 .debug_str     0x00000000      0x11a adxl354/adxl354.o
                                0x15b (size before relaxing)
 .debug_str     0x0000011a       0x40 i2cmaster/i2cmaster.o
                                0x124 (size before relaxing)
 .debug_str     0x0000015a       0x29 main.o
                                 0xd0 (size before relaxing)
 .debug_str     0x00000183       0x6d motorControll/motorControll.o
                                0x11c (size before relaxing)
 .debug_str     0x000001f0       0x9b roboWay/roboWay.o
                                0x1a9 (size before relaxing)
 .debug_str     0x0000028b       0x30 usart/usart.o
                                0x11c (size before relaxing)

.debug_loc      0x00000000      0x5a7
 *(.debug_loc)
 .debug_loc     0x00000000      0x26d adxl354/adxl354.o
 .debug_loc     0x0000026d      0x192 i2cmaster/i2cmaster.o
 .debug_loc     0x000003ff       0x3e motorControll/motorControll.o
 .debug_loc     0x0000043d       0x5c roboWay/roboWay.o
 .debug_loc     0x00000499      0x10e usart/usart.o

.debug_macinfo
 *(.debug_macinfo)

.debug_pubtypes
 *(.debug_pubtypes)

.debug_ranges   0x00000000       0xf0
 *(.debug_ranges)
 .debug_ranges  0x00000000       0x20 adxl354/adxl354.o
 .debug_ranges  0x00000020       0x40 i2cmaster/i2cmaster.o
 .debug_ranges  0x00000060       0x10 main.o
 .debug_ranges  0x00000070       0x40 motorControll/motorControll.o
 .debug_ranges  0x000000b0       0x18 roboWay/roboWay.o
 .debug_ranges  0x000000c8       0x28 usart/usart.o

.debug_macro
 *(.debug_macro)
OUTPUT(RoboWay.elf elf32-avr)
LOAD linker stubs
